Microchip MPLAB XC8 Compiler V1.45 ()

Linker command line:

-W-3 --edf=C:\Program Files (x86)\Microchip\xc8\v1.45\dat\en_msgs.txt -cs \
  -h+dist/default/production\HW2_A.X.production.sym \
  --cmf=dist/default/production\HW2_A.X.production.cmf -z -Q18F4620 \
  -oC:\Users\az\AppData\Local\Temp\s8og.2 \
  -Mdist/default/production/HW2_A.X.production.map -E1 -ver=XC8 \
  -ASTACK=013Ah-0f7fh -pstack=STACK -ACODE=00h-0FFFFh -ACONST=00h-0FFFFh \
  -ASMALLCONST=01000h-010FFhx240 -AMEDIUMCONST=01000h-0FFFFh \
  -ACOMRAM=01h-07Fh -AABS1=00h-0F7Fh -ABIGRAM=01h-0F7Fh \
  -ARAM=080h-0FFh,0100h-01FFhx14,0F00h-0F7Fh -ABANK0=080h-0FFh \
  -ABANK1=0100h-01FFh -ABANK2=0200h-02FFh -ABANK3=0300h-03FFh \
  -ABANK4=0400h-04FFh -ABANK5=0500h-05FFh -ABANK6=0600h-06FFh \
  -ABANK7=0700h-07FFh -ABANK8=0800h-08FFh -ABANK9=0900h-09FFh \
  -ABANK10=0A00h-0AFFh -ABANK11=0B00h-0BFFh -ABANK12=0C00h-0CFFh \
  -ABANK13=0D00h-0DFFh -ABANK14=0E00h-0EFFh -ABANK15=0F00h-0F7Fh \
  -ASFR=0F80h-0FFFh -preset_vec=00h,intcode=08h,intcodelo,powerup,init \
  -pramtop=01000h -psmallconst=SMALLCONST -pmediumconst=MEDIUMCONST \
  -pconst=CONST -AFARRAM=00h-00h -ACONFIG=0300000h-030000Dh -pconfig=CONFIG \
  -AIDLOC=0200000h-0200007h -pidloc=IDLOC -AEEDATA=0F00000h-0F003FFh \
  -peeprom_data=EEDATA \
  -prdata=COMRAM,nvrram=COMRAM,nvbit=COMRAM,rbss=COMRAM,rbit=COMRAM \
  -pfarbss=FARRAM,fardata=FARRAM,nvFARRAM=FARRAM \
  -pintsave_regs=BIGRAM,bigbss=BIGRAM,bigdata=BIGRAM -pbss=RAM \
  -pidata=CODE,irdata=CODE,ibigdata=CODE,ifardata=CODE -prparam=COMRAM \
  C:\Users\az\AppData\Local\Temp\s8og.obj \
  dist/default/production\HW2_A.X.production.obj 

Object code version is 3.11

Machine type is 18F4620

Call graph: (short form)




                Name                               Link     Load   Length Selector   Space Scale
C:\Users\az\AppData\Local\Temp\s8og.obj
                init                                  E        E        4        4       0
                reset_vec                             0        0        4        0       0
                idloc                            200000   200000        8   200000       0
                config                           300000   300000        E   300000       0
dist/default/production\HW2_A.X.production.obj
                intcode                               8        8        6        4       0
                temp                                 56       56        1        1       1
                mediumconst                        FE7A     FE7A      186     7F3D       0
                text58                             298E     298E       AE        4       0
                text57                             2092     2092      1AC        4       0
                text56                             2D84     2D84       70        4       0
                text55                             34BC     34BC        8     1A5A       0
                text54                             2E60     2E60       6C        4       0
                text53                             348C     348C       10        4       0
                text52                             30E4     30E4       4C        4       0
                intcode_body                       276E     276E       C4        4       0
                text50                             28E0     28E0       AE        4       0
                text49                             3236     3236       38        4       0
                text48                             2686     2686       E8        4       0
                text47                             347C     347C       10        4       0
                text46                             3344     3344       26        4       0
                text45                             32CA     32CA       2E        4       0
                text44                             33F8     33F8       22        4       0
                text43                             3130     3130       48        4       0
                text42                             31BA     31BA       42        4       0
                text41                             2FF0     2FF0       56        4       0
                text40                             33B2     33B2       24        4       0
                text39                             31FC     31FC       3A        4       0
                text38                             329C     329C       2E        4       0
                text37                             2B7C     2B7C       92        4       0
                text36                             331E     331E       26        4       0
                text35                             1EE4     1EE4      1AE        4       0
                text34                             3178     3178       42        4       0
                text33                             2498     2498       F8        4       0
                text32                             2C92     2C92       82        4       0
                text31                             2ECC     2ECC       66        4       0
                text30                             2F94     2F94       5C        4       0
                text29                             2370     2370      128        4       0
                text28                             223E     223E      132        4       0
                text27                             2C0E     2C0E       84        4       0
                text26                             2D14     2D14       70        4       0
                text25                             2590     2590       F6        4       0
                text24                             32F8     32F8       26        4       0
                text23                             154E     154E      25E        4       0
                text22                             3438     3438       1E        4       0
                text21                             112E     112E      420        4       0
                text20                               12       12      A54        4       0
                text19                             19A4     19A4      1CA        4       0
                text18                             3098     3098       4C        4       0
                text17                             1D2E     1D2E      1B6        4       0
                text16                             34B4     34B4        8     1A5A       0
                text15                             346C     346C       10        4       0
                text14                             338E     338E       24        4       0
                text13                             2832     2832       AE        4       0
                text12                             2ADC     2ADC       A0        4       0
                text11                              A66      A66      6C8        4       0
                text10                             1B6E     1B6E      1C0        4       0
                text9                              2A3C     2A3C       A0        4       0
                text8                              2DF4     2DF4       6C        4       0
                text7                              326E     326E       2E        4       0
                text6                              349C     349C        C        4       0
                text5                              2F32     2F32       62        4       0
                text4                              341A     341A       1E        4       0
                text3                              33D6     33D6       22        4       0
                text2                              3456     3456       16        4       0
                text1                              336A     336A       24        4       0
                text0                              17AC     17AC      1F8        4       0
                cstackCOMRAM                          1        1       40        1       1
                cstackBANK0                          80       80       69       80       1
                cstackBANK1                         120      120       1A      100       1
                bssBANK1                            100      100       20      100       1
                bssBANK0                             E9       E9       16       80       1
                dataCOMRAM                           41       41        B        1       1
                bssCOMRAM                            4C       4C        A        1       1
                cinit                              3046     3046       52        4       0
                idataCOMRAM                        34A8     34A8        B        4       0

TOTAL           Name                               Link     Load   Length     Space
        CLASS   STACK          

        CLASS   CODE           
                intcode                               8        8        6         0
                init                                  E        E        4         0
                reset_vec                             0        0        4         0
                text58                             298E     298E       AE         0
                text57                             2092     2092      1AC         0
                text56                             2D84     2D84       70         0
                text55                             34BC     34BC        8         0
                text54                             2E60     2E60       6C         0
                text53                             348C     348C       10         0
                text52                             30E4     30E4       4C         0
                intcode_body                       276E     276E       C4         0
                text50                             28E0     28E0       AE         0
                text49                             3236     3236       38         0
                text48                             2686     2686       E8         0
                text47                             347C     347C       10         0
                text46                             3344     3344       26         0
                text45                             32CA     32CA       2E         0
                text44                             33F8     33F8       22         0
                text43                             3130     3130       48         0
                text42                             31BA     31BA       42         0
                text41                             2FF0     2FF0       56         0
                text40                             33B2     33B2       24         0
                text39                             31FC     31FC       3A         0
                text38                             329C     329C       2E         0
                text37                             2B7C     2B7C       92         0
                text36                             331E     331E       26         0
                text35                             1EE4     1EE4      1AE         0
                text34                             3178     3178       42         0
                text33                             2498     2498       F8         0
                text32                             2C92     2C92       82         0
                text31                             2ECC     2ECC       66         0
                text30                             2F94     2F94       5C         0
                text29                             2370     2370      128         0
                text28                             223E     223E      132         0
                text27                             2C0E     2C0E       84         0
                text26                             2D14     2D14       70         0
                text25                             2590     2590       F6         0
                text24                             32F8     32F8       26         0
                text23                             154E     154E      25E         0
                text22                             3438     3438       1E         0
                text21                             112E     112E      420         0
                text20                               12       12      A54         0
                text19                             19A4     19A4      1CA         0
                text18                             3098     3098       4C         0
                text17                             1D2E     1D2E      1B6         0
                text16                             34B4     34B4        8         0
                text15                             346C     346C       10         0
                text14                             338E     338E       24         0
                text13                             2832     2832       AE         0
                text12                             2ADC     2ADC       A0         0
                text11                              A66      A66      6C8         0
                text10                             1B6E     1B6E      1C0         0
                text9                              2A3C     2A3C       A0         0
                text8                              2DF4     2DF4       6C         0
                text7                              326E     326E       2E         0
                text6                              349C     349C        C         0
                text5                              2F32     2F32       62         0
                text4                              341A     341A       1E         0
                text3                              33D6     33D6       22         0
                text2                              3456     3456       16         0
                text1                              336A     336A       24         0
                text0                              17AC     17AC      1F8         0
                cinit                              3046     3046       52         0
                idataCOMRAM                        34A8     34A8        B         0

        CLASS   CONST          

        CLASS   SMALLCONST     

        CLASS   MEDIUMCONST    
                mediumconst                        FE7A     FE7A      186         0

        CLASS   COMRAM         
                temp                                 56       56        1         1
                cstackCOMRAM                          1        1       40         1
                dataCOMRAM                           41       41        B         1
                bssCOMRAM                            4C       4C        A         1

        CLASS   ABS1           

        CLASS   BIGRAM         

        CLASS   RAM            

        CLASS   BANK0          
                cstackBANK0                          80       80       69         1
                bssBANK0                             E9       E9       16         1

        CLASS   BANK1          
                cstackBANK1                         120      120       1A         1
                bssBANK1                            100      100       20         1

        CLASS   BANK2          

        CLASS   BANK3          

        CLASS   BANK4          

        CLASS   BANK5          

        CLASS   BANK6          

        CLASS   BANK7          

        CLASS   BANK8          

        CLASS   BANK9          

        CLASS   BANK10         

        CLASS   BANK11         

        CLASS   BANK12         

        CLASS   BANK13         

        CLASS   BANK14         

        CLASS   BANK15         

        CLASS   SFR            

        CLASS   FARRAM         

        CLASS   CONFIG         
                config                           300000   300000        E         0

        CLASS   IDLOC          
                idloc                            200000   200000        8         0

        CLASS   EEDATA         



SEGMENTS        Name                           Load    Length   Top    Selector   Space  Class

                reset_vec                      000000  000004  000004         0       0  CODE    
                cstackCOMRAM                   000001  000056  000057         1       1  COMRAM  
                intcode                        000008  0034AB  0034B3         4       0  CODE    
                cstackBANK0                    000080  00007F  0000FF        80       1  BANK0   
                bssBANK1                       000100  00003A  00013A       100       1  BANK1   
                text16                         0034B4  000010  0034C4      1A5A       0  CODE    
                mediumconst                    00FE7A  000186  010000      7F3D       0  MEDIUMCO
                idloc                          200000  000008  200008    200000       0  IDLOC   
                config                         300000  00000E  30000E    300000       0  CONFIG  


UNUSED ADDRESS RANGES

        Name                Unused          Largest block    Delta
        BANK0            0000FF-0000FF                1
        BANK1            00013A-0001FF               C6
        BANK10           000A00-000AFF              100
        BANK11           000B00-000BFF              100
        BANK12           000C00-000CFF              100
        BANK13           000D00-000DFF              100
        BANK14           000E00-000EFF              100
        BANK15           000F00-000F7F               80
        BANK2            000200-0002FF              100
        BANK3            000300-0003FF              100
        BANK4            000400-0004FF              100
        BANK5            000500-0005FF              100
        BANK6            000600-0006FF              100
        BANK7            000700-0007FF              100
        BANK8            000800-0008FF              100
        BANK9            000900-0009FF              100
        BIGRAM           000057-00007F               29
                         0000FF-0000FF                1
                         00013A-000F7F              E46
        CODE             000004-000007                4
                         0034B3-0034B3                1
                         0034C4-00FE79             C9B6
        COMRAM           000057-00007F               29
        CONST            000004-000007                4
                         0034B3-0034B3                1
                         0034C4-00FE79             C9B6
        EEDATA           F00000-F003FF              400
        MEDIUMCONST      0034B3-0034B3                1
                         0034C4-00FE79             C9B6
        RAM              0000FF-0000FF                1
                         00013A-000F7F              100
        SFR              000F80-000FFF               80
        SMALLCONST       0034B3-0034B3                1
                         0034C4-00FE79              100
        STACK            00013A-000F7F              E46

                                  Symbol Table

?___awdiv                     cstackCOMRAM 00002F
?___awmod                     cstackCOMRAM 000029
?___awtoft                    cstackCOMRAM 00003D
?___ftadd                     cstackBANK0  000096
?___ftdiv                     cstackBANK0  00008C
?___ftmul                     cstackBANK0  000080
?___ftneg                     cstackBANK0  000080
?___ftpack                    cstackCOMRAM 000029
?___ftsub                     cstackBANK0  0000A2
?___fttol                     cstackBANK0  0000A2
?___lldiv                     cstackCOMRAM 000029
?___llmod                     cstackCOMRAM 000036
?___lltoft                    cstackCOMRAM 000031
?___wmul                      cstackCOMRAM 000037
?__div_to_l_                  cstackCOMRAM 000029
?__tdiv_to_l_                 cstackCOMRAM 000029
?_fround                      cstackBANK0  00008C
?_read_adc_raw_no_lib         cstackCOMRAM 000029
?_read_adc_voltage            cstackBANK0  00009B
?_scale                       cstackBANK0  00008C
?_sprintf                     cstackBANK0  0000B1
?i2___ftadd                   cstackCOMRAM 000009
?i2___ftpack                  cstackCOMRAM 000001
SerialHandler@received        cstackBANK0  0000E4
_ADCON0                       (abs)        000FC2
_ADCON0bits                   (abs)        000FC2
_ADCON1                       (abs)        000FC1
_ADCON2                       (abs)        000FC0
_ADRESH                       (abs)        000FC4
_ADRESL                       (abs)        000FC3
_AI0                          bssBANK0     0000FC
_AI1                          dataCOMRAM   000045
_AI2                          bssBANK0     0000F9
_AI3                          bssBANK0     0000F6
_AnalogInput0                 bssBANK0     0000EF
_AnalogInput1                 bssBANK0     0000EC
_AnalogInput2                 bssCOMRAM    000052
_BAUDCONbits                  (abs)        000FB8
_Buffer                       bssBANK1     000100
_CCP1CON                      (abs)        000FBD
_CCP1CONbits                  (abs)        000FBD
_CCP2CON                      (abs)        000FBA
_CCPR1L                       (abs)        000FBE
_CCPR2H                       (abs)        000FBC
_CCPR2L                       (abs)        000FBB
_CoolMode                     text19       0019A4
_CoolMode$1896                cstackBANK0  0000E1
_Hs                           dataCOMRAM   000048
_INTCON                       (abs)        000FF2
_INTCON2                      (abs)        000FF1
_INTCON3                      (abs)        000FF0
_INTCON3bits                  (abs)        000FF0
_INTCONbits                   (abs)        000FF2
_IPR2                         (abs)        000FA2
_Int0ISR                      text18       003098
_Int2ISR                      text56       002D84
_LATA                         (abs)        000F89
_LATB                         (abs)        000F8A
_LATC                         (abs)        000F8B
_LATD                         (abs)        000F8C
_LATE                         (abs)        000F8D
_LCD_INIT_STRING              dataCOMRAM   000041
_OT                           bssBANK0     0000E9
_OffMode                      text17       001D2E
_OffMode$1895                 cstackBANK0  0000E1
_PIE1                         (abs)        000F9D
_PIE2                         (abs)        000FA0
_PIE2bits                     (abs)        000FA0
_PIR1bits                     (abs)        000F9E
_PIR2                         (abs)        000FA1
_PIR2bits                     (abs)        000FA1
_PORTCbits                    (abs)        000F82
_PORTDbits                    (abs)        000F83
_PORTEbits                    (abs)        000F84
_PR2                          (abs)        000FCB
_RB3                          (abs)        007C0B
_RCON                         (abs)        000FD0
_RCREG                        (abs)        000FAE
_RCSTA                        (abs)        000FAB
_RCSTAbits                    (abs)        000FAB
_SPBRG                        (abs)        000FAF
_SPBRGH                       (abs)        000FB0
_SSP                          bssCOMRAM    00004C
_SerialFlag                   bssBANK0     0000F2
_SerialHandler                text13       002832
_SerialHandler$1903           cstackBANK0  0000E1
_T2CON                        (abs)        000FCA
_T2CONbits                    (abs)        000FCA
_T3CON                        (abs)        000FB1
_T3CONbits                    (abs)        000FB1
_TMR3                         (abs)        000FB2
_TRISA                        (abs)        000F92
_TRISB                        (abs)        000F93
_TRISC                        (abs)        000F94
_TRISCbits                    (abs)        000F94
_TRISD                        (abs)        000F95
_TRISE                        (abs)        000F96
_TT                           bssCOMRAM    00004F
_TXREG                        (abs)        000FAD
_TXSTA                        (abs)        000FAC
_TXSTAbits                    (abs)        000FAC
__CFG_BOREN$SBORDIS           (abs)        000000
__CFG_BORV$3                  (abs)        000000
__CFG_CCP2MX$PORTC            (abs)        000000
__CFG_CP0$OFF                 (abs)        000000
__CFG_CP1$OFF                 (abs)        000000
__CFG_CP2$OFF                 (abs)        000000
__CFG_CP3$OFF                 (abs)        000000
__CFG_CPB$OFF                 (abs)        000000
__CFG_CPD$OFF                 (abs)        000000
__CFG_EBTR0$OFF               (abs)        000000
__CFG_EBTR1$OFF               (abs)        000000
__CFG_EBTR2$OFF               (abs)        000000
__CFG_EBTR3$OFF               (abs)        000000
__CFG_EBTRB$OFF               (abs)        000000
__CFG_FCMEN$OFF               (abs)        000000
__CFG_IESO$OFF                (abs)        000000
__CFG_LPT1OSC$OFF             (abs)        000000
__CFG_LVP$ON                  (abs)        000000
__CFG_MCLRE$ON                (abs)        000000
__CFG_OSC$XT                  (abs)        000000
__CFG_PBADEN$ON               (abs)        000000
__CFG_PWRT$OFF                (abs)        000000
__CFG_STVREN$ON               (abs)        000000
__CFG_WDT$ON                  (abs)        000000
__CFG_WDTPS$32768             (abs)        000000
__CFG_WRT0$OFF                (abs)        000000
__CFG_WRT1$OFF                (abs)        000000
__CFG_WRT2$OFF                (abs)        000000
__CFG_WRT3$OFF                (abs)        000000
__CFG_WRTB$OFF                (abs)        000000
__CFG_WRTC$OFF                (abs)        000000
__CFG_WRTD$OFF                (abs)        000000
__CFG_XINST$OFF               (abs)        000000
__HRAM                        (abs)        000000
__Habs1                       abs1         000000
__Hbank0                      bank0        000000
__Hbank1                      bank1        000000
__Hbank10                     bank10       000000
__Hbank11                     bank11       000000
__Hbank12                     bank12       000000
__Hbank13                     bank13       000000
__Hbank14                     bank14       000000
__Hbank15                     bank15       000000
__Hbank2                      bank2        000000
__Hbank3                      bank3        000000
__Hbank4                      bank4        000000
__Hbank5                      bank5        000000
__Hbank6                      bank6        000000
__Hbank7                      bank7        000000
__Hbank8                      bank8        000000
__Hbank9                      bank9        000000
__Hbigbss                     bigbss       000000
__Hbigdata                    bigdata      000000
__Hbigram                     bigram       000000
__Hbss                        bss          000000
__HbssBANK0                   bssBANK0     000000
__HbssBANK1                   bssBANK1     000000
__HbssCOMRAM                  bssCOMRAM    000000
__Hcinit                      cinit        000000
__Hclrtext                    clrtext      000000
__Hcomram                     comram       000000
__Hconfig                     config       30000E
__Hconst                      const        000000
__HcstackBANK0                cstackBANK0  000000
__HcstackBANK1                cstackBANK1  000000
__HcstackCOMRAM               cstackCOMRAM 000000
__Hdata                       data         000000
__HdataCOMRAM                 dataCOMRAM   000000
__Heeprom_data                eeprom_data  000000
__Hfarbss                     farbss       000000
__Hfardata                    fardata      000000
__Hibigdata                   ibigdata     000000
__Hidata                      idata        000000
__HidataCOMRAM                idataCOMRAM  000000
__Hidloc                      idloc        200008
__Hifardata                   ifardata     000000
__Hinit                       init         000012
__Hintcode                    intcode      00000E
__Hintcode_body               intcode_body 000000
__Hintcodelo                  intcodelo    00000E
__Hintentry                   intentry     000000
__Hintret                     intret       000000
__Hintsave_regs               intsave_regs 000000
__Hirdata                     irdata       000000
__Hmediumconst                mediumconst  010000
__HnvFARRAM                   nvFARRAM     000000
__Hnvbit                      nvbit        000000
__Hnvrram                     nvrram       000000
__Hparam                      rparam       000000
__Hpowerup                    powerup      00000E
__Hram                        ram          000000
__Hramtop                     ramtop       001000
__Hrbit                       rbit         000000
__Hrbss                       rbss         000000
__Hrdata                      rdata        000000
__Hreset_vec                  reset_vec    000004
__Hrparam                     rparam       000000
__Hsfr                        sfr          000000
__Hsmallconst                 smallconst   000000
__Hspace_0                    (abs)        30000E
__Hspace_1                    (abs)        00013A
__Hspace_2                    (abs)        000000
__Hstack                      stack        000000
__Hstruct                     struct       000000
__Htemp                       temp         000057
__Htext                       text         000000
__Htext0                      text0        000000
__Htext1                      text1        000000
__Htext10                     text10       000000
__Htext11                     text11       000000
__Htext12                     text12       000000
__Htext13                     text13       000000
__Htext14                     text14       000000
__Htext15                     text15       000000
__Htext16                     text16       000000
__Htext17                     text17       000000
__Htext18                     text18       000000
__Htext19                     text19       000000
__Htext2                      text2        000000
__Htext20                     text20       000000
__Htext21                     text21       000000
__Htext22                     text22       000000
__Htext23                     text23       000000
__Htext24                     text24       000000
__Htext25                     text25       000000
__Htext26                     text26       000000
__Htext27                     text27       000000
__Htext28                     text28       000000
__Htext29                     text29       000000
__Htext3                      text3        000000
__Htext30                     text30       000000
__Htext31                     text31       000000
__Htext32                     text32       000000
__Htext33                     text33       000000
__Htext34                     text34       000000
__Htext35                     text35       000000
__Htext36                     text36       000000
__Htext37                     text37       000000
__Htext38                     text38       000000
__Htext39                     text39       000000
__Htext4                      text4        000000
__Htext40                     text40       000000
__Htext41                     text41       000000
__Htext42                     text42       000000
__Htext43                     text43       000000
__Htext44                     text44       000000
__Htext45                     text45       000000
__Htext46                     text46       000000
__Htext47                     text47       000000
__Htext48                     text48       000000
__Htext49                     text49       000000
__Htext5                      text5        000000
__Htext50                     text50       000000
__Htext52                     text52       000000
__Htext53                     text53       000000
__Htext54                     text54       000000
__Htext55                     text55       000000
__Htext56                     text56       000000
__Htext57                     text57       000000
__Htext58                     text58       000000
__Htext6                      text6        000000
__Htext7                      text7        000000
__Htext8                      text8        000000
__Htext9                      text9        000000
__LRAM                        (abs)        000001
__Labs1                       abs1         000000
__Lbank0                      bank0        000000
__Lbank1                      bank1        000000
__Lbank10                     bank10       000000
__Lbank11                     bank11       000000
__Lbank12                     bank12       000000
__Lbank13                     bank13       000000
__Lbank14                     bank14       000000
__Lbank15                     bank15       000000
__Lbank2                      bank2        000000
__Lbank3                      bank3        000000
__Lbank4                      bank4        000000
__Lbank5                      bank5        000000
__Lbank6                      bank6        000000
__Lbank7                      bank7        000000
__Lbank8                      bank8        000000
__Lbank9                      bank9        000000
__Lbigbss                     bigbss       000000
__Lbigdata                    bigdata      000000
__Lbigram                     bigram       000000
__Lbss                        bss          000000
__LbssBANK0                   bssBANK0     000000
__LbssBANK1                   bssBANK1     000000
__LbssCOMRAM                  bssCOMRAM    000000
__Lcinit                      cinit        000000
__Lclrtext                    clrtext      000000
__Lcomram                     comram       000000
__Lconfig                     config       300000
__Lconst                      const        000000
__LcstackBANK0                cstackBANK0  000000
__LcstackBANK1                cstackBANK1  000000
__LcstackCOMRAM               cstackCOMRAM 000000
__Ldata                       data         000000
__LdataCOMRAM                 dataCOMRAM   000000
__Leeprom_data                eeprom_data  000000
__Lfarbss                     farbss       000000
__Lfardata                    fardata      000000
__Libigdata                   ibigdata     000000
__Lidata                      idata        000000
__LidataCOMRAM                idataCOMRAM  000000
__Lidloc                      idloc        200000
__Lifardata                   ifardata     000000
__Linit                       init         00000E
__Lintcode                    intcode      000008
__Lintcode_body               intcode_body 000000
__Lintcodelo                  intcodelo    00000E
__Lintentry                   intentry     000000
__Lintret                     intret       000000
__Lintsave_regs               intsave_regs 000000
__Lirdata                     irdata       000000
__Lmediumconst                mediumconst  00FE7A
__LnvFARRAM                   nvFARRAM     000000
__Lnvbit                      nvbit        000000
__Lnvrram                     nvrram       000000
__Lparam                      rparam       000000
__Lpowerup                    powerup      00000E
__Lram                        ram          000000
__Lramtop                     ramtop       001000
__Lrbit                       rbit         000000
__Lrbss                       rbss         000000
__Lrdata                      rdata        000000
__Lreset_vec                  reset_vec    000000
__Lrparam                     rparam       000000
__Lsfr                        sfr          000000
__Lsmallconst                 smallconst   000000
__Lspace_0                    (abs)        000000
__Lspace_1                    (abs)        000000
__Lspace_2                    (abs)        000000
__Lstack                      stack        000000
__Lstruct                     struct       000000
__Ltemp                       temp         000056
__Ltext                       text         000000
__Ltext0                      text0        000000
__Ltext1                      text1        000000
__Ltext10                     text10       000000
__Ltext11                     text11       000000
__Ltext12                     text12       000000
__Ltext13                     text13       000000
__Ltext14                     text14       000000
__Ltext15                     text15       000000
__Ltext16                     text16       000000
__Ltext17                     text17       000000
__Ltext18                     text18       000000
__Ltext19                     text19       000000
__Ltext2                      text2        000000
__Ltext20                     text20       000000
__Ltext21                     text21       000000
__Ltext22                     text22       000000
__Ltext23                     text23       000000
__Ltext24                     text24       000000
__Ltext25                     text25       000000
__Ltext26                     text26       000000
__Ltext27                     text27       000000
__Ltext28                     text28       000000
__Ltext29                     text29       000000
__Ltext3                      text3        000000
__Ltext30                     text30       000000
__Ltext31                     text31       000000
__Ltext32                     text32       000000
__Ltext33                     text33       000000
__Ltext34                     text34       000000
__Ltext35                     text35       000000
__Ltext36                     text36       000000
__Ltext37                     text37       000000
__Ltext38                     text38       000000
__Ltext39                     text39       000000
__Ltext4                      text4        000000
__Ltext40                     text40       000000
__Ltext41                     text41       000000
__Ltext42                     text42       000000
__Ltext43                     text43       000000
__Ltext44                     text44       000000
__Ltext45                     text45       000000
__Ltext46                     text46       000000
__Ltext47                     text47       000000
__Ltext48                     text48       000000
__Ltext49                     text49       000000
__Ltext5                      text5        000000
__Ltext50                     text50       000000
__Ltext52                     text52       000000
__Ltext53                     text53       000000
__Ltext54                     text54       000000
__Ltext55                     text55       000000
__Ltext56                     text56       000000
__Ltext57                     text57       000000
__Ltext58                     text58       000000
__Ltext6                      text6        000000
__Ltext7                      text7        000000
__Ltext8                      text8        000000
__Ltext9                      text9        000000
__S0                          (abs)        30000E
__S1                          (abs)        00013A
__S2                          (abs)        000000
___awdiv                      text27       002C0E
___awdiv@counter              cstackCOMRAM 000033
___awdiv@dividend             cstackCOMRAM 00002F
___awdiv@divisor              cstackCOMRAM 000031
___awdiv@quotient             cstackCOMRAM 000035
___awdiv@sign                 cstackCOMRAM 000034
___awmod                      text26       002D14
___awmod@counter              cstackCOMRAM 00002D
___awmod@dividend             cstackCOMRAM 000029
___awmod@divisor              cstackCOMRAM 00002B
___awmod@sign                 cstackCOMRAM 00002E
___awtoft                     text49       003236
___awtoft@c                   cstackCOMRAM 00003D
___awtoft@sign                cstackCOMRAM 000040
___ftadd                      text35       001EE4
___ftadd@exp1                 cstackBANK0  0000A1
___ftadd@exp2                 cstackBANK0  0000A0
___ftadd@f1                   cstackBANK0  000096
___ftadd@f2                   cstackBANK0  000099
___ftadd@sign                 cstackBANK0  00009F
___ftdiv                      text48       002686
___ftdiv@cntr                 cstackBANK0  000095
___ftdiv@exp                  cstackBANK0  000099
___ftdiv@f1                   cstackBANK0  00008C
___ftdiv@f2                   cstackBANK0  00008F
___ftdiv@f3                   cstackBANK0  000096
___ftdiv@sign                 cstackBANK0  00009A
___ftge                       text37       002B7C
___ftge@ff1                   cstackBANK0  0000A2
___ftge@ff2                   cstackBANK0  0000A5
___ftmul                      text25       002590
___ftmul@cntr                 cstackBANK0  00008A
___ftmul@exp                  cstackBANK0  000086
___ftmul@f1                   cstackBANK0  000080
___ftmul@f2                   cstackBANK0  000083
___ftmul@f3_as_product        cstackBANK0  000087
___ftmul@sign                 cstackBANK0  00008B
___ftneg                      text36       00331E
___ftneg@f1                   cstackBANK0  000080
___ftpack                     text50       0028E0
___ftpack@arg                 cstackCOMRAM 000029
___ftpack@exp                 cstackCOMRAM 00002C
___ftpack@sign                cstackCOMRAM 00002D
___ftsub                      text34       003178
___ftsub@f1                   cstackBANK0  0000A2
___ftsub@f2                   cstackBANK0  0000A5
___fttol                      text33       002498
___fttol@exp1                 cstackBANK0  0000B0
___fttol@f1                   cstackBANK0  0000A2
___fttol@lval                 cstackBANK0  0000AC
___fttol@sign1                cstackBANK0  0000AB
___inthi_sp                   stack        000000
___intlo_sp                   stack        000000
___lldiv                      text32       002C92
___lldiv@counter              cstackCOMRAM 000035
___lldiv@dividend             cstackCOMRAM 000029
___lldiv@divisor              cstackCOMRAM 00002D
___lldiv@quotient             cstackCOMRAM 000031
___llmod                      text31       002ECC
___llmod@counter              cstackCOMRAM 00003E
___llmod@dividend             cstackCOMRAM 000036
___llmod@divisor              cstackCOMRAM 00003A
___lltoft                     text30       002F94
___lltoft@c                   cstackCOMRAM 000031
___lltoft@exp                 cstackCOMRAM 000039
___param_bank                 (abs)        000000
___rparam_used                (abs)        000001
___sp                         stack        000000
___wmul                       text24       0032F8
___wmul@multiplicand          cstackCOMRAM 000039
___wmul@multiplier            cstackCOMRAM 000037
___wmul@product               cstackCOMRAM 00003B
__accesstop                   (abs)        000080
__activetblptr                (abs)        000002
__div_to_l_                   text29       002370
__div_to_l_@cntr              cstackCOMRAM 000033
__div_to_l_@exp1              cstackCOMRAM 000034
__div_to_l_@f1                cstackCOMRAM 000029
__div_to_l_@f2                cstackCOMRAM 00002C
__div_to_l_@quot              cstackCOMRAM 00002F
__end_of_CoolMode             text19       001B6E
__end_of_Int0ISR              text18       0030E4
__end_of_Int2ISR              text56       002DF4
__end_of_OffMode              text17       001EE4
__end_of_SerialHandler        text13       0028E0
__end_of___awdiv              text27       002C92
__end_of___awmod              text26       002D84
__end_of___awtoft             text49       00326E
__end_of___ftadd              text35       002092
__end_of___ftdiv              text48       00276E
__end_of___ftge               text37       002C0E
__end_of___ftmul              text25       002686
__end_of___ftneg              text36       003344
__end_of___ftpack             text50       00298E
__end_of___ftsub              text34       0031BA
__end_of___fttol              text33       002590
__end_of___lldiv              text32       002D14
__end_of___llmod              text31       002F32
__end_of___lltoft             text30       002FF0
__end_of___wmul               text24       00331E
__end_of__div_to_l_           text29       002498
__end_of__initialization      cinit        00308A
__end_of__npowers_            mediumconst  00FEF1
__end_of__powers_             mediumconst  00FECA
__end_of__tdiv_to_l_          text28       002370
__end_of_autoCool             text11       00112E
__end_of_compare_isr          text55       0034C4
__end_of_dec                  text54       002ECC
__end_of_delay_cycles         text45       0032F8
__end_of_delay_ms             text46       00336A
__end_of_dpowers              mediumconst  00FEA3
__end_of_fround               text23       0017AC
__end_of_heatMode             text10       001D2E
__end_of_highIsr              intcode_body 002832
__end_of_initPorts            text7        00329C
__end_of_init_adc_no_lib      text6        0034A8
__end_of_init_pwm1            text47       00348C
__end_of_isdigit              text22       003456
__end_of_lcd_gotoxy           text42       0031FC
__end_of_lcd_init             text5        002F94
__end_of_lcd_putc             text41       003046
__end_of_lcd_puts             text40       0033D6
__end_of_lcd_send_byte        text43       003178
__end_of_lcd_send_nibble      text44       00341A
__end_of_main                 text0        0019A4
__end_of_printingOnScreen     text9        002ADC
__end_of_read_adc_raw_no_lib  text39       003236
__end_of_read_adc_voltage     text8        002E60
__end_of_read_byte_no_lib     text16       0034BC
__end_of_scale                text21       00154E
__end_of_send_byte_no_lib     text15       00347C
__end_of_send_string_no_lib   text14       0033B2
__end_of_set_pwm1_percent     text12       002B7C
__end_of_set_pwm1_raw         text38       0032CA
__end_of_setupAllThings       text2        00346C
__end_of_setupInterpurts      text4        003438
__end_of_setupSerial          text1        00338E
__end_of_setup_compare        text3        0033F8
__end_of_sprintf              text20       000A66
__end_of_tmr_isr              text53       00349C
__end_ofi2_Int0ISR            text52       003130
__end_ofi2___ftadd            text57       00223E
__end_ofi2___ftpack           text58       002A3C
__initialization              cinit        003046
__mediumconst                 mediumconst  00FE7A
__npowers_                    mediumconst  00FECA
__pbssBANK0                   bssBANK0     0000E9
__pbssBANK1                   bssBANK1     000100
__pbssCOMRAM                  bssCOMRAM    00004C
__pcinit                      cinit        003046
__pcstackBANK0                cstackBANK0  000080
__pcstackBANK1                cstackBANK1  000120
__pcstackCOMRAM               cstackCOMRAM 000001
__pdataCOMRAM                 dataCOMRAM   000041
__pidataCOMRAM                idataCOMRAM  0034A8
__pintcode                    intcode      000008
__pintcode_body               intcode_body 00276E
__pmediumconst                mediumconst  00FE7A
__powers_                     mediumconst  00FEA3
__ptext0                      text0        0017AC
__ptext1                      text1        00336A
__ptext10                     text10       001B6E
__ptext11                     text11       000A66
__ptext12                     text12       002ADC
__ptext13                     text13       002832
__ptext14                     text14       00338E
__ptext15                     text15       00346C
__ptext16                     text16       0034B4
__ptext17                     text17       001D2E
__ptext18                     text18       003098
__ptext19                     text19       0019A4
__ptext2                      text2        003456
__ptext20                     text20       000012
__ptext21                     text21       00112E
__ptext22                     text22       003438
__ptext23                     text23       00154E
__ptext24                     text24       0032F8
__ptext25                     text25       002590
__ptext26                     text26       002D14
__ptext27                     text27       002C0E
__ptext28                     text28       00223E
__ptext29                     text29       002370
__ptext3                      text3        0033D6
__ptext30                     text30       002F94
__ptext31                     text31       002ECC
__ptext32                     text32       002C92
__ptext33                     text33       002498
__ptext34                     text34       003178
__ptext35                     text35       001EE4
__ptext36                     text36       00331E
__ptext37                     text37       002B7C
__ptext38                     text38       00329C
__ptext39                     text39       0031FC
__ptext4                      text4        00341A
__ptext40                     text40       0033B2
__ptext41                     text41       002FF0
__ptext42                     text42       0031BA
__ptext43                     text43       003130
__ptext44                     text44       0033F8
__ptext45                     text45       0032CA
__ptext46                     text46       003344
__ptext47                     text47       00347C
__ptext48                     text48       002686
__ptext49                     text49       003236
__ptext5                      text5        002F32
__ptext50                     text50       0028E0
__ptext52                     text52       0030E4
__ptext53                     text53       00348C
__ptext54                     text54       002E60
__ptext55                     text55       0034BC
__ptext56                     text56       002D84
__ptext57                     text57       002092
__ptext58                     text58       00298E
__ptext6                      text6        00349C
__ptext7                      text7        00326E
__ptext8                      text8        002DF4
__ptext9                      text9        002A3C
__ramtop                      ramtop       001000
__size_of_CoolMode            (abs)        000000
__size_of_Int0ISR             (abs)        000000
__size_of_Int2ISR             (abs)        000000
__size_of_OffMode             (abs)        000000
__size_of_SerialHandler       (abs)        000000
__size_of___awdiv             (abs)        000000
__size_of___awmod             (abs)        000000
__size_of___awtoft            (abs)        000000
__size_of___ftadd             (abs)        000000
__size_of___ftdiv             (abs)        000000
__size_of___ftge              (abs)        000000
__size_of___ftmul             (abs)        000000
__size_of___ftneg             (abs)        000000
__size_of___ftpack            (abs)        000000
__size_of___ftsub             (abs)        000000
__size_of___fttol             (abs)        000000
__size_of___lldiv             (abs)        000000
__size_of___llmod             (abs)        000000
__size_of___lltoft            (abs)        000000
__size_of___wmul              (abs)        000000
__size_of__div_to_l_          (abs)        000000
__size_of__tdiv_to_l_         (abs)        000000
__size_of_autoCool            (abs)        000000
__size_of_compare_isr         (abs)        000000
__size_of_dec                 (abs)        000000
__size_of_delay_cycles        (abs)        000000
__size_of_delay_ms            (abs)        000000
__size_of_fround              (abs)        000000
__size_of_heatMode            (abs)        000000
__size_of_highIsr             (abs)        000000
__size_of_initPorts           (abs)        000000
__size_of_init_adc_no_lib     (abs)        000000
__size_of_init_pwm1           (abs)        000000
__size_of_isdigit             (abs)        000000
__size_of_lcd_gotoxy          (abs)        000000
__size_of_lcd_init            (abs)        000000
__size_of_lcd_putc            (abs)        000000
__size_of_lcd_puts            (abs)        000000
__size_of_lcd_send_byte       (abs)        000000
__size_of_lcd_send_nibble     (abs)        000000
__size_of_main                (abs)        000000
__size_of_printingOnScreen    (abs)        000000
__size_of_read_adc_raw_no_lib (abs)        000000
__size_of_read_adc_voltage    (abs)        000000
__size_of_read_byte_no_lib    (abs)        000000
__size_of_scale               (abs)        000000
__size_of_send_byte_no_lib    (abs)        000000
__size_of_send_string_no_lib  (abs)        000000
__size_of_set_pwm1_percent    (abs)        000000
__size_of_set_pwm1_raw        (abs)        000000
__size_of_setupAllThings      (abs)        000000
__size_of_setupInterpurts     (abs)        000000
__size_of_setupSerial         (abs)        000000
__size_of_setup_compare       (abs)        000000
__size_of_sprintf             (abs)        000000
__size_of_tmr_isr             (abs)        000000
__size_ofi2_Int0ISR           (abs)        000000
__size_ofi2___ftadd           (abs)        000000
__size_ofi2___ftpack          (abs)        000000
__smallconst                  smallconst   000000
__tdiv_to_l_                  text28       00223E
__tdiv_to_l_@cntr             cstackCOMRAM 000036
__tdiv_to_l_@exp1             cstackCOMRAM 000037
__tdiv_to_l_@f1               cstackCOMRAM 000029
__tdiv_to_l_@f2               cstackCOMRAM 00002C
__tdiv_to_l_@quot             cstackCOMRAM 000032
_autoCool                     text11       000A66
_autoCool$1898                cstackBANK1  000128
_autoCool$1899                cstackBANK1  000137
_compare_isr                  text55       0034BC
_current_mode                 bssCOMRAM    000055
_dec                          text54       002E60
_delay_cycles                 text45       0032CA
_delay_ms                     text46       003344
_dpowers                      mediumconst  00FE7B
_fround                       text23       00154E
_fround$1904                  cstackBANK0  000092
_fround$1905                  cstackBANK0  00008F
_heatMode                     text10       001B6E
_heatMode$1897                cstackBANK0  0000E3
_highIsr                      intcode      000008
_initPorts                    text7        00326E
_init_adc_no_lib              text6        00349C
_init_pwm1                    text47       00347C
_isdigit                      text22       003438
_isdigit$1517                 cstackCOMRAM 00002A
_lcd                          (abs)        000F83
_lcd_gotoxy                   text42       0031BA
_lcd_init                     text5        002F32
_lcd_putc                     text41       002FF0
_lcd_puts                     text40       0033B2
_lcd_send_byte                text43       003130
_lcd_send_nibble              text44       0033F8
_main                         text0        0017AC
_main$1902                    cstackBANK0  0000E6
_mode_counter                 dataCOMRAM   00004A
_printingOnScreen             text9        002A3C
_printingOnScreen$1901        cstackBANK0  0000E1
_raw_value                    bssBANK0     0000F4
_read_adc_raw_no_lib          text39       0031FC
_read_adc_voltage             text8        002DF4
_read_byte_no_lib             text16       0034B4
_scale                        text21       00112E
_scale$1906                   cstackBANK0  00008F
_send_byte_no_lib             text15       00346C
_send_string_no_lib           text14       00338E
_set_pwm1_percent             text12       002ADC
_set_pwm1_raw                 text38       00329C
_setupAllThings               text2        003456
_setupInterpurts              text4        00341A
_setupSerial                  text1        00336A
_setup_compare                text3        0033D6
_sprintf                      text20       000012
_sprintf$1907                 cstackBANK0  0000C4
_tmr_isr                      text53       00348C
autoCool@SP                   cstackBANK1  000131
autoCool@T                    cstackBANK1  000134
autoCool@compare_value        cstackBANK1  000126
autoCool@coolError            cstackBANK1  000120
autoCool@heatError            cstackBANK1  000123
autoCool@percent_heat         cstackBANK1  00012E
autoCool@percent_value        cstackBANK1  00012B
btemp                         temp         000056
delay_cycles@n                cstackCOMRAM 00002C
delay_cycles@x                cstackCOMRAM 00002D
delay_ms@n                    cstackCOMRAM 000029
delay_ms@x                    cstackCOMRAM 00002B
end_of_initialization         cinit        00308A
fround@prec                   cstackBANK0  000095
heatMode@compare_value        cstackBANK0  0000E1
i2_Int0ISR                    text52       0030E4
i2___ftadd                    text57       002092
i2___ftadd@exp1               cstackCOMRAM 000014
i2___ftadd@exp2               cstackCOMRAM 000013
i2___ftadd@f1                 cstackCOMRAM 000009
i2___ftadd@f2                 cstackCOMRAM 00000C
i2___ftadd@sign               cstackCOMRAM 000012
i2___ftpack                   text58       00298E
i2___ftpack@arg               cstackCOMRAM 000001
i2___ftpack@exp               cstackCOMRAM 000004
i2___ftpack@sign              cstackCOMRAM 000005
int$flags                     temp         000056
int_func                      intcode_body 00276E
intlevel0                     text         000000
intlevel1                     text         000000
intlevel2                     text         000000
intlevel3                     text         000000
isdigit@c                     cstackCOMRAM 00002B
lcd_gotoxy@address            cstackCOMRAM 000035
lcd_gotoxy@x                  cstackCOMRAM 000034
lcd_gotoxy@y                  cstackCOMRAM 000033
lcd_init@i                    cstackCOMRAM 000033
lcd_putc@c                    cstackCOMRAM 000036
lcd_puts@s                    cstackCOMRAM 000037
lcd_send_byte@cm_data         cstackCOMRAM 000032
lcd_send_byte@n               cstackCOMRAM 000031
lcd_send_nibble@n             cstackCOMRAM 000030
read_adc_raw_no_lib@channel   cstackCOMRAM 00002D
read_adc_raw_no_lib@raw_value cstackCOMRAM 00002E
read_adc_voltage@channel      cstackBANK0  0000A1
read_adc_voltage@raw_value    cstackBANK0  0000A2
read_adc_voltage@voltage      cstackBANK0  00009E
read_byte_no_lib@c            cstackCOMRAM 000029
scale@scl                     cstackBANK0  000092
send_byte_no_lib@c            cstackCOMRAM 000029
send_string_no_lib@p          cstackCOMRAM 00002A
set_pwm1_percent@raw_val      cstackBANK0  0000B7
set_pwm1_percent@tmp          cstackBANK0  0000B4
set_pwm1_percent@value        cstackBANK0  0000B1
set_pwm1_raw@raw_value        cstackCOMRAM 000029
setupSerial@dummy             cstackCOMRAM 000029
sprintf@ap                    cstackBANK0  0000C9
sprintf@c                     cstackBANK0  0000E0
sprintf@cp                    cstackBANK0  0000C7
sprintf@exp                   cstackBANK0  0000D7
sprintf@f                     cstackBANK0  0000B3
sprintf@flag                  cstackBANK0  0000CD
sprintf@fval                  cstackBANK0  0000DB
sprintf@len                   cstackBANK0  0000CB
sprintf@prec                  cstackBANK0  0000DE
sprintf@sp                    cstackBANK0  0000B1
sprintf@tmpval                cstackBANK0  0000CF
sprintf@val                   cstackBANK0  0000D3
sprintf@width                 cstackBANK0  0000D9
stackhi                       (abs)        000F7F
stacklo                       (abs)        00013A
start                         init         00000E
start_initialization          cinit        003046
wtemp6                        temp         000057


FUNCTION INFORMATION:

 *************** function _main *****************
 Defined at:
		line 411 in file "HW2_A.c"
 Parameters:    Size  Location     Type
		None
 Auto vars:     Size  Location     Type
		None
 Return value:  Size  Location     Type
                  1    wreg      void 
 Registers used:
		wreg, fsr1l, fsr1h, fsr2l, fsr2h, status,2, status,0, tblptrl, tblptrh, tblptru, prodl, prodh, cstack
 Tracked objects:
		On entry : 
		On exit  : 
		Unchanged: 
 Data sizes:     COMRAM   BANK0   BANK1   BANK2   BANK3   BANK4   BANK5   BANK6   BANK7   BANK8   BANK9  BANK10  BANK11  BANK12  BANK13  BANK14  BANK15
      Params:         0       0       0       0       0       0       0       0       0       0       0       0       0       0       0       0       0
      Locals:         0       3       0       0       0       0       0       0       0       0       0       0       0       0       0       0       0
      Temps:          0       0       0       0       0       0       0       0       0       0       0       0       0       0       0       0       0
      Totals:         0       3       0       0       0       0       0       0       0       0       0       0       0       0       0       0       0
Total ram usage:        3 bytes
 Hardware stack levels required when called:   11
 This function calls:
		_CoolMode
		_Int0ISR
		_OffMode
		_SerialHandler
		___awtoft
		___ftdiv
		___ftge
		___ftmul
		_autoCool
		_heatMode
		_printingOnScreen
		_read_adc_raw_no_lib
		_read_adc_voltage
		_setupAllThings
		_setupSerial
 This function is called by:
		Startup code after reset
 This function uses a non-reentrant model


 *************** function _setupSerial *****************
 Defined at:
		line 3 in file "my_ser.c"
 Parameters:    Size  Location     Type
		None
 Auto vars:     Size  Location     Type
  dummy           1   40[COMRAM] unsigned char 
 Return value:  Size  Location     Type
                  1    wreg      void 
 Registers used:
		wreg, status,2
 Tracked objects:
		On entry : 
		On exit  : 
		Unchanged: 
 Data sizes:     COMRAM   BANK0   BANK1   BANK2   BANK3   BANK4   BANK5   BANK6   BANK7   BANK8   BANK9  BANK10  BANK11  BANK12  BANK13  BANK14  BANK15
      Params:         0       0       0       0       0       0       0       0       0       0       0       0       0       0       0       0       0
      Locals:         1       0       0       0       0       0       0       0       0       0       0       0       0       0       0       0       0
      Temps:          0       0       0       0       0       0       0       0       0       0       0       0       0       0       0       0       0
      Totals:         1       0       0       0       0       0       0       0       0       0       0       0       0       0       0       0       0
Total ram usage:        1 bytes
 Hardware stack levels used:    1
 Hardware stack levels required when called:    4
 This function calls:
		Nothing
 This function is called by:
		_main
 This function uses a non-reentrant model


 *************** function _setupAllThings *****************
 Defined at:
		line 202 in file "HW2_A.c"
 Parameters:    Size  Location     Type
		None
 Auto vars:     Size  Location     Type
		None
 Return value:  Size  Location     Type
                  1    wreg      void 
 Registers used:
		wreg, fsr2l, fsr2h, status,2, status,0, prodl, prodh, cstack
 Tracked objects:
		On entry : 
		On exit  : 
		Unchanged: 
 Data sizes:     COMRAM   BANK0   BANK1   BANK2   BANK3   BANK4   BANK5   BANK6   BANK7   BANK8   BANK9  BANK10  BANK11  BANK12  BANK13  BANK14  BANK15
      Params:         0       0       0       0       0       0       0       0       0       0       0       0       0       0       0       0       0
      Locals:         0       0       0       0       0       0       0       0       0       0       0       0       0       0       0       0       0
      Temps:          0       0       0       0       0       0       0       0       0       0       0       0       0       0       0       0       0
      Totals:         0       0       0       0       0       0       0       0       0       0       0       0       0       0       0       0       0
Total ram usage:        0 bytes
 Hardware stack levels used:    1
 Hardware stack levels required when called:    8
 This function calls:
		_initPorts
		_init_adc_no_lib
		_lcd_init
		_setupInterpurts
		_setup_compare
 This function is called by:
		_main
 This function uses a non-reentrant model


 *************** function _setup_compare *****************
 Defined at:
		line 181 in file "HW2_A.c"
 Parameters:    Size  Location     Type
		None
 Auto vars:     Size  Location     Type
		None
 Return value:  Size  Location     Type
                  1    wreg      void 
 Registers used:
		wreg, status,2
 Tracked objects:
		On entry : 
		On exit  : 
		Unchanged: 
 Data sizes:     COMRAM   BANK0   BANK1   BANK2   BANK3   BANK4   BANK5   BANK6   BANK7   BANK8   BANK9  BANK10  BANK11  BANK12  BANK13  BANK14  BANK15
      Params:         0       0       0       0       0       0       0       0       0       0       0       0       0       0       0       0       0
      Locals:         0       0       0       0       0       0       0       0       0       0       0       0       0       0       0       0       0
      Temps:          0       0       0       0       0       0       0       0       0       0       0       0       0       0       0       0       0
      Totals:         0       0       0       0       0       0       0       0       0       0       0       0       0       0       0       0       0
Total ram usage:        0 bytes
 Hardware stack levels used:    1
 Hardware stack levels required when called:    4
 This function calls:
		Nothing
 This function is called by:
		_setupAllThings
 This function uses a non-reentrant model


 *************** function _setupInterpurts *****************
 Defined at:
		line 171 in file "HW2_A.c"
 Parameters:    Size  Location     Type
		None
 Auto vars:     Size  Location     Type
		None
 Return value:  Size  Location     Type
                  1    wreg      void 
 Registers used:
		wreg, status,2
 Tracked objects:
		On entry : 
		On exit  : 
		Unchanged: 
 Data sizes:     COMRAM   BANK0   BANK1   BANK2   BANK3   BANK4   BANK5   BANK6   BANK7   BANK8   BANK9  BANK10  BANK11  BANK12  BANK13  BANK14  BANK15
      Params:         0       0       0       0       0       0       0       0       0       0       0       0       0       0       0       0       0
      Locals:         0       0       0       0       0       0       0       0       0       0       0       0       0       0       0       0       0
      Temps:          0       0       0       0       0       0       0       0       0       0       0       0       0       0       0       0       0
      Totals:         0       0       0       0       0       0       0       0       0       0       0       0       0       0       0       0       0
Total ram usage:        0 bytes
 Hardware stack levels used:    1
 Hardware stack levels required when called:    4
 This function calls:
		Nothing
 This function is called by:
		_setupAllThings
 This function uses a non-reentrant model


 *************** function _lcd_init *****************
 Defined at:
		line 56 in file "lcd_x8.c"
 Parameters:    Size  Location     Type
		None
 Auto vars:     Size  Location     Type
  i               1   50[COMRAM] unsigned char 
 Return value:  Size  Location     Type
                  1    wreg      void 
 Registers used:
		wreg, fsr2l, fsr2h, status,2, status,0, prodl, prodh, cstack
 Tracked objects:
		On entry : 
		On exit  : 
		Unchanged: 
 Data sizes:     COMRAM   BANK0   BANK1   BANK2   BANK3   BANK4   BANK5   BANK6   BANK7   BANK8   BANK9  BANK10  BANK11  BANK12  BANK13  BANK14  BANK15
      Params:         0       0       0       0       0       0       0       0       0       0       0       0       0       0       0       0       0
      Locals:         1       0       0       0       0       0       0       0       0       0       0       0       0       0       0       0       0
      Temps:          0       0       0       0       0       0       0       0       0       0       0       0       0       0       0       0       0
      Totals:         1       0       0       0       0       0       0       0       0       0       0       0       0       0       0       0       0
Total ram usage:        1 bytes
 Hardware stack levels used:    1
 Hardware stack levels required when called:    7
 This function calls:
		_delay_ms
		_lcd_send_byte
		_lcd_send_nibble
 This function is called by:
		_setupAllThings
 This function uses a non-reentrant model


 *************** function _init_adc_no_lib *****************
 Defined at:
		line 11 in file "my_adc.c"
 Parameters:    Size  Location     Type
		None
 Auto vars:     Size  Location     Type
		None
 Return value:  Size  Location     Type
                  1    wreg      void 
 Registers used:
		wreg, status,2
 Tracked objects:
		On entry : 
		On exit  : 
		Unchanged: 
 Data sizes:     COMRAM   BANK0   BANK1   BANK2   BANK3   BANK4   BANK5   BANK6   BANK7   BANK8   BANK9  BANK10  BANK11  BANK12  BANK13  BANK14  BANK15
      Params:         0       0       0       0       0       0       0       0       0       0       0       0       0       0       0       0       0
      Locals:         0       0       0       0       0       0       0       0       0       0       0       0       0       0       0       0       0
      Temps:          0       0       0       0       0       0       0       0       0       0       0       0       0       0       0       0       0
      Totals:         0       0       0       0       0       0       0       0       0       0       0       0       0       0       0       0       0
Total ram usage:        0 bytes
 Hardware stack levels used:    1
 Hardware stack levels required when called:    4
 This function calls:
		Nothing
 This function is called by:
		_setupAllThings
 This function uses a non-reentrant model


 *************** function _initPorts *****************
 Defined at:
		line 191 in file "HW2_A.c"
 Parameters:    Size  Location     Type
		None
 Auto vars:     Size  Location     Type
		None
 Return value:  Size  Location     Type
                  1    wreg      void 
 Registers used:
		wreg, status,2
 Tracked objects:
		On entry : 
		On exit  : 
		Unchanged: 
 Data sizes:     COMRAM   BANK0   BANK1   BANK2   BANK3   BANK4   BANK5   BANK6   BANK7   BANK8   BANK9  BANK10  BANK11  BANK12  BANK13  BANK14  BANK15
      Params:         0       0       0       0       0       0       0       0       0       0       0       0       0       0       0       0       0
      Locals:         0       0       0       0       0       0       0       0       0       0       0       0       0       0       0       0       0
      Temps:          0       0       0       0       0       0       0       0       0       0       0       0       0       0       0       0       0
      Totals:         0       0       0       0       0       0       0       0       0       0       0       0       0       0       0       0       0
Total ram usage:        0 bytes
 Hardware stack levels used:    1
 Hardware stack levels required when called:    4
 This function calls:
		Nothing
 This function is called by:
		_setupAllThings
 This function uses a non-reentrant model


 *************** function _read_adc_voltage *****************
 Defined at:
		line 48 in file "my_adc.c"
 Parameters:    Size  Location     Type
  channel         1    wreg     unsigned char 
 Auto vars:     Size  Location     Type
  channel         1   33[BANK0 ] unsigned char 
  voltage         3   30[BANK0 ] float 
  raw_value       2   34[BANK0 ] int 
 Return value:  Size  Location     Type
                  3   27[BANK0 ] float 
 Registers used:
		wreg, status,2, status,0, prodl, prodh, cstack
 Tracked objects:
		On entry : 
		On exit  : 
		Unchanged: 
 Data sizes:     COMRAM   BANK0   BANK1   BANK2   BANK3   BANK4   BANK5   BANK6   BANK7   BANK8   BANK9  BANK10  BANK11  BANK12  BANK13  BANK14  BANK15
      Params:         0       3       0       0       0       0       0       0       0       0       0       0       0       0       0       0       0
      Locals:         0       6       0       0       0       0       0       0       0       0       0       0       0       0       0       0       0
      Temps:          0       0       0       0       0       0       0       0       0       0       0       0       0       0       0       0       0
      Totals:         0       9       0       0       0       0       0       0       0       0       0       0       0       0       0       0       0
Total ram usage:        9 bytes
 Hardware stack levels used:    1
 Hardware stack levels required when called:    6
 This function calls:
		___awtoft
		___ftdiv
		___wmul
		_read_adc_raw_no_lib
 This function is called by:
		_main
 This function uses a non-reentrant model


 *************** function _printingOnScreen *****************
 Defined at:
		line 395 in file "HW2_A.c"
 Parameters:    Size  Location     Type
		None
 Auto vars:     Size  Location     Type
		None
 Return value:  Size  Location     Type
                  1    wreg      void 
 Registers used:
		wreg, fsr1l, fsr1h, fsr2l, fsr2h, status,2, status,0, tblptrl, tblptrh, tblptru, prodl, prodh, cstack
 Tracked objects:
		On entry : 
		On exit  : 
		Unchanged: 
 Data sizes:     COMRAM   BANK0   BANK1   BANK2   BANK3   BANK4   BANK5   BANK6   BANK7   BANK8   BANK9  BANK10  BANK11  BANK12  BANK13  BANK14  BANK15
      Params:         0       0       0       0       0       0       0       0       0       0       0       0       0       0       0       0       0
      Locals:         0       3       0       0       0       0       0       0       0       0       0       0       0       0       0       0       0
      Temps:          0       0       0       0       0       0       0       0       0       0       0       0       0       0       0       0       0
      Totals:         0       3       0       0       0       0       0       0       0       0       0       0       0       0       0       0       0
Total ram usage:        3 bytes
 Hardware stack levels used:    1
 Hardware stack levels required when called:   10
 This function calls:
		___awtoft
		___ftdiv
		___ftmul
		_lcd_gotoxy
		_lcd_puts
		_read_adc_raw_no_lib
		_sprintf
 This function is called by:
		_main
 This function uses a non-reentrant model


 *************** function _heatMode *****************
 Defined at:
		line 263 in file "HW2_A.c"
 Parameters:    Size  Location     Type
		None
 Auto vars:     Size  Location     Type
  compare_valu    2   97[BANK0 ] int 
 Return value:  Size  Location     Type
                  1    wreg      void 
 Registers used:
		wreg, fsr1l, fsr1h, fsr2l, fsr2h, status,2, status,0, tblptrl, tblptrh, tblptru, prodl, prodh, cstack
 Tracked objects:
		On entry : 
		On exit  : 
		Unchanged: 
 Data sizes:     COMRAM   BANK0   BANK1   BANK2   BANK3   BANK4   BANK5   BANK6   BANK7   BANK8   BANK9  BANK10  BANK11  BANK12  BANK13  BANK14  BANK15
      Params:         0       0       0       0       0       0       0       0       0       0       0       0       0       0       0       0       0
      Locals:         0       5       0       0       0       0       0       0       0       0       0       0       0       0       0       0       0
      Temps:          0       0       0       0       0       0       0       0       0       0       0       0       0       0       0       0       0
      Totals:         0       5       0       0       0       0       0       0       0       0       0       0       0       0       0       0       0
Total ram usage:        5 bytes
 Hardware stack levels used:    1
 Hardware stack levels required when called:   10
 This function calls:
		___awtoft
		___ftdiv
		___ftmul
		_lcd_gotoxy
		_lcd_puts
		_read_adc_raw_no_lib
		_sprintf
 This function is called by:
		_main
 This function uses a non-reentrant model


 *************** function _autoCool *****************
 Defined at:
		line 287 in file "HW2_A.c"
 Parameters:    Size  Location     Type
		None
 Auto vars:     Size  Location     Type
  percent_heat    3   14[BANK1 ] float 
  compare_valu    2    6[BANK1 ] int 
  percent_valu    3   11[BANK1 ] float 
  T               3   20[BANK1 ] float 
  SP              3   17[BANK1 ] float 
  heatError       3    3[BANK1 ] float 
  coolError       3    0[BANK1 ] float 
 Return value:  Size  Location     Type
                  1    wreg      void 
 Registers used:
		wreg, fsr1l, fsr1h, fsr2l, fsr2h, status,2, status,0, tblptrl, tblptrh, tblptru, prodl, prodh, cstack
 Tracked objects:
		On entry : 
		On exit  : 
		Unchanged: 
 Data sizes:     COMRAM   BANK0   BANK1   BANK2   BANK3   BANK4   BANK5   BANK6   BANK7   BANK8   BANK9  BANK10  BANK11  BANK12  BANK13  BANK14  BANK15
      Params:         0       0       0       0       0       0       0       0       0       0       0       0       0       0       0       0       0
      Locals:         0       0      26       0       0       0       0       0       0       0       0       0       0       0       0       0       0
      Temps:          0       0       0       0       0       0       0       0       0       0       0       0       0       0       0       0       0
      Totals:         0       0      26       0       0       0       0       0       0       0       0       0       0       0       0       0       0
Total ram usage:       26 bytes
 Hardware stack levels used:    1
 Hardware stack levels required when called:   10
 This function calls:
		___awtoft
		___ftadd
		___ftdiv
		___ftge
		___ftmul
		___ftneg
		___fttol
		_init_pwm1
		_lcd_gotoxy
		_lcd_puts
		_read_adc_raw_no_lib
		_set_pwm1_percent
		_sprintf
 This function is called by:
		_main
 This function uses a non-reentrant model


 *************** function _set_pwm1_percent *****************
 Defined at:
		line 22 in file "my_pwm.c"
 Parameters:    Size  Location     Type
  value           3   49[BANK0 ] float 
 Auto vars:     Size  Location     Type
  tmp             3   52[BANK0 ] float 
  raw_val         2   55[BANK0 ] int 
 Return value:  Size  Location     Type
                  1    wreg      void 
 Registers used:
		wreg, status,2, status,0, cstack
 Tracked objects:
		On entry : 
		On exit  : 
		Unchanged: 
 Data sizes:     COMRAM   BANK0   BANK1   BANK2   BANK3   BANK4   BANK5   BANK6   BANK7   BANK8   BANK9  BANK10  BANK11  BANK12  BANK13  BANK14  BANK15
      Params:         0       3       0       0       0       0       0       0       0       0       0       0       0       0       0       0       0
      Locals:         0       5       0       0       0       0       0       0       0       0       0       0       0       0       0       0       0
      Temps:          0       0       0       0       0       0       0       0       0       0       0       0       0       0       0       0       0
      Totals:         0       8       0       0       0       0       0       0       0       0       0       0       0       0       0       0       0
Total ram usage:        8 bytes
 Hardware stack levels used:    1
 Hardware stack levels required when called:    6
 This function calls:
		___ftadd
		___ftdiv
		___ftmul
		___fttol
		_set_pwm1_raw
 This function is called by:
		_autoCool
 This function uses a non-reentrant model


 *************** function _SerialHandler *****************
 Defined at:
		line 468 in file "HW2_A.c"
 Parameters:    Size  Location     Type
		None
 Auto vars:     Size  Location     Type
  received        1  100[BANK0 ] unsigned char 
 Return value:  Size  Location     Type
                  1    wreg      void 
 Registers used:
		wreg, fsr1l, fsr1h, fsr2l, fsr2h, status,2, status,0, tblptrl, tblptrh, tblptru, prodl, prodh, cstack
 Tracked objects:
		On entry : 
		On exit  : 
		Unchanged: 
 Data sizes:     COMRAM   BANK0   BANK1   BANK2   BANK3   BANK4   BANK5   BANK6   BANK7   BANK8   BANK9  BANK10  BANK11  BANK12  BANK13  BANK14  BANK15
      Params:         0       0       0       0       0       0       0       0       0       0       0       0       0       0       0       0       0
      Locals:         0       4       0       0       0       0       0       0       0       0       0       0       0       0       0       0       0
[...]
      Locals:         1       0       0       0       0       0       0       0       0       0       0       0       0       0       0       0       0
      Temps:          0       0       0       0       0       0       0       0       0       0       0       0       0       0       0       0       0
      Totals:         4       0       0       0       0       0       0       0       0       0       0       0       0       0       0       0       0
Total ram usage:        4 bytes
 Hardware stack levels used:    1
 Hardware stack levels required when called:    5
 This function calls:
		___ftpack
 This function is called by:
		_OffMode
		_CoolMode
		_heatMode
		_autoCool
		_printingOnScreen
		_main
		_read_adc_voltage
		_autoHeat
 This function uses a non-reentrant model


 *************** function ___ftpack *****************
 Defined at:
		line 62 in file "C:\Program Files (x86)\Microchip\xc8\v1.45\sources\common\float.c"
 Parameters:    Size  Location     Type
  arg             3   40[COMRAM] unsigned um
  exp             1   43[COMRAM] unsigned char 
  sign            1   44[COMRAM] unsigned char 
 Auto vars:     Size  Location     Type
		None
 Return value:  Size  Location     Type
                  3   40[COMRAM] float 
 Registers used:
		wreg, status,2, status,0
 Tracked objects:
		On entry : 
		On exit  : 
		Unchanged: 
 Data sizes:     COMRAM   BANK0   BANK1   BANK2   BANK3   BANK4   BANK5   BANK6   BANK7   BANK8   BANK9  BANK10  BANK11  BANK12  BANK13  BANK14  BANK15
      Params:         5       0       0       0       0       0       0       0       0       0       0       0       0       0       0       0       0
      Locals:         0       0       0       0       0       0       0       0       0       0       0       0       0       0       0       0       0
      Temps:          3       0       0       0       0       0       0       0       0       0       0       0       0       0       0       0       0
      Totals:         8       0       0       0       0       0       0       0       0       0       0       0       0       0       0       0       0
Total ram usage:        8 bytes
 Hardware stack levels used:    1
 Hardware stack levels required when called:    4
 This function calls:
		Nothing
 This function is called by:
		___awtoft
		___ftadd
		___ftdiv
		___ftmul
		___lltoft
 This function uses a non-reentrant model


 *************** function _highIsr *****************
 Defined at:
		line 103 in file "HW2_A.c"
 Parameters:    Size  Location     Type
		None
 Auto vars:     Size  Location     Type
		None
 Return value:  Size  Location     Type
                  1    wreg      void 
 Registers used:
		wreg, status,2, status,0, cstack
 Tracked objects:
		On entry : 
		On exit  : 
		Unchanged: 
 Data sizes:     COMRAM   BANK0   BANK1   BANK2   BANK3   BANK4   BANK5   BANK6   BANK7   BANK8   BANK9  BANK10  BANK11  BANK12  BANK13  BANK14  BANK15
      Params:         0       0       0       0       0       0       0       0       0       0       0       0       0       0       0       0       0
      Locals:         0       0       0       0       0       0       0       0       0       0       0       0       0       0       0       0       0
      Temps:         18       0       0       0       0       0       0       0       0       0       0       0       0       0       0       0       0
      Totals:        18       0       0       0       0       0       0       0       0       0       0       0       0       0       0       0       0
Total ram usage:       18 bytes
 Hardware stack levels used:    1
 Hardware stack levels required when called:    3
 This function calls:
		_Int2ISR
		_compare_isr
		_dec
		_tmr_isr
		i2_Int0ISR
 This function is called by:
		Interrupt level 2
 This function uses a non-reentrant model


 *************** function i2_Int0ISR *****************
 Defined at:
		line 123 in file "HW2_A.c"
 Parameters:    Size  Location     Type
		None
 Auto vars:     Size  Location     Type
		None
 Return value:  Size  Location     Type
                  1    wreg      void 
 Registers used:
		wreg, status,2, status,0
 Tracked objects:
		On entry : 
		On exit  : 
		Unchanged: 
 Data sizes:     COMRAM   BANK0   BANK1   BANK2   BANK3   BANK4   BANK5   BANK6   BANK7   BANK8   BANK9  BANK10  BANK11  BANK12  BANK13  BANK14  BANK15
      Params:         0       0       0       0       0       0       0       0       0       0       0       0       0       0       0       0       0
      Locals:         0       0       0       0       0       0       0       0       0       0       0       0       0       0       0       0       0
      Temps:          2       0       0       0       0       0       0       0       0       0       0       0       0       0       0       0       0
      Totals:         2       0       0       0       0       0       0       0       0       0       0       0       0       0       0       0       0
Total ram usage:        2 bytes
 Hardware stack levels used:    1
 This function calls:
		Nothing
 This function is called by:
		_highIsr
 This function uses a non-reentrant model


 *************** function _tmr_isr *****************
 Defined at:
		line 214 in file "HW2_A.c"
 Parameters:    Size  Location     Type
		None
 Auto vars:     Size  Location     Type
		None
 Return value:  Size  Location     Type
                  1    wreg      void 
 Registers used:
		wreg, status,2, status,0
 Tracked objects:
		On entry : 
		On exit  : 
		Unchanged: 
 Data sizes:     COMRAM   BANK0   BANK1   BANK2   BANK3   BANK4   BANK5   BANK6   BANK7   BANK8   BANK9  BANK10  BANK11  BANK12  BANK13  BANK14  BANK15
      Params:         0       0       0       0       0       0       0       0       0       0       0       0       0       0       0       0       0
      Locals:         0       0       0       0       0       0       0       0       0       0       0       0       0       0       0       0       0
      Temps:          0       0       0       0       0       0       0       0       0       0       0       0       0       0       0       0       0
      Totals:         0       0       0       0       0       0       0       0       0       0       0       0       0       0       0       0       0
Total ram usage:        0 bytes
 Hardware stack levels used:    1
 This function calls:
		Nothing
 This function is called by:
		_highIsr
 This function uses a non-reentrant model


 *************** function _dec *****************
 Defined at:
		line 157 in file "HW2_A.c"
 Parameters:    Size  Location     Type
		None
 Auto vars:     Size  Location     Type
		None
 Return value:  Size  Location     Type
                  1    wreg      void 
 Registers used:
		wreg, status,2, status,0, cstack
 Tracked objects:
		On entry : 
		On exit  : 
		Unchanged: 
 Data sizes:     COMRAM   BANK0   BANK1   BANK2   BANK3   BANK4   BANK5   BANK6   BANK7   BANK8   BANK9  BANK10  BANK11  BANK12  BANK13  BANK14  BANK15
      Params:         0       0       0       0       0       0       0       0       0       0       0       0       0       0       0       0       0
      Locals:         0       0       0       0       0       0       0       0       0       0       0       0       0       0       0       0       0
      Temps:          2       0       0       0       0       0       0       0       0       0       0       0       0       0       0       0       0
      Totals:         2       0       0       0       0       0       0       0       0       0       0       0       0       0       0       0       0
Total ram usage:        2 bytes
 Hardware stack levels used:    1
 Hardware stack levels required when called:    2
 This function calls:
		i2___ftadd
 This function is called by:
		_highIsr
 This function uses a non-reentrant model


 *************** function _compare_isr *****************
 Defined at:
		line 209 in file "HW2_A.c"
 Parameters:    Size  Location     Type
		None
 Auto vars:     Size  Location     Type
		None
 Return value:  Size  Location     Type
                  1    wreg      void 
 Registers used:
		wreg, status,2, status,0
 Tracked objects:
		On entry : 
		On exit  : 
		Unchanged: 
 Data sizes:     COMRAM   BANK0   BANK1   BANK2   BANK3   BANK4   BANK5   BANK6   BANK7   BANK8   BANK9  BANK10  BANK11  BANK12  BANK13  BANK14  BANK15
      Params:         0       0       0       0       0       0       0       0       0       0       0       0       0       0       0       0       0
      Locals:         0       0       0       0       0       0       0       0       0       0       0       0       0       0       0       0       0
      Temps:          0       0       0       0       0       0       0       0       0       0       0       0       0       0       0       0       0
      Totals:         0       0       0       0       0       0       0       0       0       0       0       0       0       0       0       0       0
Total ram usage:        0 bytes
 Hardware stack levels used:    1
 This function calls:
		Nothing
 This function is called by:
		_highIsr
 This function uses a non-reentrant model


 *************** function _Int2ISR *****************
 Defined at:
		line 143 in file "HW2_A.c"
 Parameters:    Size  Location     Type
		None
 Auto vars:     Size  Location     Type
		None
 Return value:  Size  Location     Type
                  1    wreg      void 
 Registers used:
		wreg, status,2, status,0, cstack
 Tracked objects:
		On entry : 
		On exit  : 
		Unchanged: 
 Data sizes:     COMRAM   BANK0   BANK1   BANK2   BANK3   BANK4   BANK5   BANK6   BANK7   BANK8   BANK9  BANK10  BANK11  BANK12  BANK13  BANK14  BANK15
      Params:         0       0       0       0       0       0       0       0       0       0       0       0       0       0       0       0       0
      Locals:         0       0       0       0       0       0       0       0       0       0       0       0       0       0       0       0       0
      Temps:          2       0       0       0       0       0       0       0       0       0       0       0       0       0       0       0       0
      Totals:         2       0       0       0       0       0       0       0       0       0       0       0       0       0       0       0       0
Total ram usage:        2 bytes
 Hardware stack levels used:    1
 Hardware stack levels required when called:    2
 This function calls:
		i2___ftadd
 This function is called by:
		_highIsr
 This function uses a non-reentrant model


 *************** function i2___ftadd *****************
 Defined at:
		line 86 in file "C:\Program Files (x86)\Microchip\xc8\v1.45\sources\common\ftadd.c"
 Parameters:    Size  Location     Type
  f1              3    8[COMRAM] float 
  f2              3   11[COMRAM] float 
 Auto vars:     Size  Location     Type
  __ftadd         1   19[COMRAM] unsigned char 
  __ftadd         1   18[COMRAM] unsigned char 
  __ftadd         1   17[COMRAM] unsigned char 
 Return value:  Size  Location     Type
                  3    8[COMRAM] float 
 Registers used:
		wreg, status,2, status,0, cstack
 Tracked objects:
		On entry : 
		On exit  : 
		Unchanged: 
 Data sizes:     COMRAM   BANK0   BANK1   BANK2   BANK3   BANK4   BANK5   BANK6   BANK7   BANK8   BANK9  BANK10  BANK11  BANK12  BANK13  BANK14  BANK15
      Params:         6       0       0       0       0       0       0       0       0       0       0       0       0       0       0       0       0
      Locals:         3       0       0       0       0       0       0       0       0       0       0       0       0       0       0       0       0
      Temps:          3       0       0       0       0       0       0       0       0       0       0       0       0       0       0       0       0
      Totals:        12       0       0       0       0       0       0       0       0       0       0       0       0       0       0       0       0
Total ram usage:       12 bytes
 Hardware stack levels used:    1
 Hardware stack levels required when called:    1
 This function calls:
		i2___ftpack
 This function is called by:
		_Int2ISR
		_dec
 This function uses a non-reentrant model


 *************** function i2___ftpack *****************
 Defined at:
		line 62 in file "C:\Program Files (x86)\Microchip\xc8\v1.45\sources\common\float.c"
 Parameters:    Size  Location     Type
  arg             3    0[COMRAM] unsigned um
  exp             1    3[COMRAM] unsigned char 
  sign            1    4[COMRAM] unsigned char 
 Auto vars:     Size  Location     Type
		None
 Return value:  Size  Location     Type
                  3    0[COMRAM] float 
 Registers used:
		wreg, status,2, status,0
 Tracked objects:
		On entry : 
		On exit  : 
		Unchanged: 
 Data sizes:     COMRAM   BANK0   BANK1   BANK2   BANK3   BANK4   BANK5   BANK6   BANK7   BANK8   BANK9  BANK10  BANK11  BANK12  BANK13  BANK14  BANK15
      Params:         5       0       0       0       0       0       0       0       0       0       0       0       0       0       0       0       0
      Locals:         0       0       0       0       0       0       0       0       0       0       0       0       0       0       0       0       0
      Temps:          3       0       0       0       0       0       0       0       0       0       0       0       0       0       0       0       0
      Totals:         8       0       0       0       0       0       0       0       0       0       0       0       0       0       0       0       0
Total ram usage:        8 bytes
 Hardware stack levels used:    1
 This function calls:
		Nothing
 This function is called by:
		i2___ftadd
 This function uses a non-reentrant model



MODULE INFORMATION

Module		Function		Class		Link	Load	Size
C:\Program Files (x86)\Microchip\xc8\v1.45\sources\common\ftneg.c
		___ftneg       		CODE           	331E	0000	39

C:\Program Files (x86)\Microchip\xc8\v1.45\sources\common\ftneg.c estimated size: 39

C:\Program Files (x86)\Microchip\xc8\v1.45\sources\common\ftsub.c
		___ftsub       		CODE           	3178	0000	67

C:\Program Files (x86)\Microchip\xc8\v1.45\sources\common\ftsub.c estimated size: 67

C:\Program Files (x86)\Microchip\xc8\v1.45\sources\common\float.c
		___ftpack      		CODE           	28E0	0000	175

C:\Program Files (x86)\Microchip\xc8\v1.45\sources\common\float.c estimated size: 175

C:\Program Files (x86)\Microchip\xc8\v1.45\sources\common\doprnt.c
		_scale         		CODE           	112E	0000	1057
		_sprintf       		CODE           	0012	0000	2645
		_fround        		CODE           	154E	0000	607

C:\Program Files (x86)\Microchip\xc8\v1.45\sources\common\doprnt.c estimated size: 4309

C:\Program Files (x86)\Microchip\xc8\v1.45\sources\common\lltoft.c
		___lltoft      		CODE           	2F94	0000	93

C:\Program Files (x86)\Microchip\xc8\v1.45\sources\common\lltoft.c estimated size: 93

C:\Program Files (x86)\Microchip\xc8\v1.45\sources\common\Umul16.c
		___wmul        		CODE           	32F8	0000	39

C:\Program Files (x86)\Microchip\xc8\v1.45\sources\common\Umul16.c estimated size: 39

my_ser.c
		_send_byte_no_lib		CODE           	346C	0000	17
		_read_byte_no_lib		CODE           	34B4	0000	9
		_setupSerial   		CODE           	336A	0000	37
		_send_string_no_lib		CODE           	338E	0000	37

my_ser.c estimated size: 100

my_pwm.c
		_set_pwm1_percent		CODE           	2ADC	0000	161
		_init_pwm1     		CODE           	347C	0000	17
		_set_pwm1_raw  		CODE           	329C	0000	47

my_pwm.c estimated size: 225

C:\Program Files (x86)\Microchip\xc8\v1.45\sources\common\ftge.c
		___ftge        		CODE           	2B7C	0000	147

C:\Program Files (x86)\Microchip\xc8\v1.45\sources\common\ftge.c estimated size: 147

my_adc.c
		_init_adc_no_lib		CODE           	349C	0000	13
		_read_adc_raw_no_lib		CODE           	31FC	0000	59
		_read_adc_voltage		CODE           	2DF4	0000	109

my_adc.c estimated size: 181

C:\Program Files (x86)\Microchip\xc8\v1.45\sources\common\isdigit.c
		_isdigit       		CODE           	3438	0000	31

C:\Program Files (x86)\Microchip\xc8\v1.45\sources\common\isdigit.c estimated size: 31

HW2_A.c
		_Int2ISR       		CODE           	2D84	0000	113
		_OffMode       		CODE           	1D2E	0000	439
		_setupInterpurts		CODE           	341A	0000	31
		_autoCool      		CODE           	0A66	0000	1737
		_compare_isr   		CODE           	34BC	0000	9
		_main          		CODE           	17AC	0000	505
		_highIsr       		CODE           	0008	0000	203
		_initPorts     		CODE           	326E	0000	47
		_CoolMode      		CODE           	19A4	0000	459
		_dec           		CODE           	2E60	0000	109
		_SerialHandler 		CODE           	2832	0000	175
		_printingOnScreen		CODE           	2A3C	0000	161
		_setup_compare 		CODE           	33D6	0000	35
		_heatMode      		CODE           	1B6E	0000	449
		_setupAllThings		CODE           	3456	0000	23
		_tmr_isr       		CODE           	348C	0000	17
		_Int0ISR       		CODE           	3098	0000	77

HW2_A.c estimated size: 4589

C:\Program Files (x86)\Microchip\xc8\v1.45\sources\common\ftdivl.c
		__tdiv_to_l_   		CODE           	223E	0000	307

C:\Program Files (x86)\Microchip\xc8\v1.45\sources\common\ftdivl.c estimated size: 307

C:\Program Files (x86)\Microchip\xc8\v1.45\sources\common\ftmul.c
		___ftmul       		CODE           	2590	0000	247

C:\Program Files (x86)\Microchip\xc8\v1.45\sources\common\ftmul.c estimated size: 247

C:\Program Files (x86)\Microchip\xc8\v1.45\sources\common\awmod.c
		___awmod       		CODE           	2D14	0000	113

C:\Program Files (x86)\Microchip\xc8\v1.45\sources\common\awmod.c estimated size: 113

C:\Program Files (x86)\Microchip\xc8\v1.45\sources\common\ftdiv.c
		___ftdiv       		CODE           	2686	0000	233

C:\Program Files (x86)\Microchip\xc8\v1.45\sources\common\ftdiv.c estimated size: 233

C:\Program Files (x86)\Microchip\xc8\v1.45\sources\common\llmod.c
		___llmod       		CODE           	2ECC	0000	103

C:\Program Files (x86)\Microchip\xc8\v1.45\sources\common\llmod.c estimated size: 103

C:\Program Files (x86)\Microchip\xc8\v1.45\sources\common\fldivl.c
		__div_to_l_    		CODE           	2370	0000	297

C:\Program Files (x86)\Microchip\xc8\v1.45\sources\common\fldivl.c estimated size: 297

shared
		i2___ftadd     		CODE           	2092	0000	429
		__powers_      		MEDIUMCONST    	FEA3	0000	40
		_dpowers       		MEDIUMCONST    	FE7B	0000	41
		__npowers_     		MEDIUMCONST    	FECA	0000	40
		i2___ftpack    		CODE           	298E	0000	175
		__initialization		CODE           	3046	0000	69
		i2_Int0ISR     		CODE           	30E4	0000	77

shared estimated size: 871

C:\Program Files (x86)\Microchip\xc8\v1.45\sources\common\fttol.c
		___fttol       		CODE           	2498	0000	249

C:\Program Files (x86)\Microchip\xc8\v1.45\sources\common\fttol.c estimated size: 249

C:\Program Files (x86)\Microchip\xc8\v1.45\sources\common\awtoft.c
		___awtoft      		CODE           	3236	0000	57

C:\Program Files (x86)\Microchip\xc8\v1.45\sources\common\awtoft.c estimated size: 57

C:\Program Files (x86)\Microchip\xc8\v1.45\sources\common\awdiv.c
		___awdiv       		CODE           	2C0E	0000	133

C:\Program Files (x86)\Microchip\xc8\v1.45\sources\common\awdiv.c estimated size: 133

C:\Program Files (x86)\Microchip\xc8\v1.45\sources\common\ftadd.c
		___ftadd       		CODE           	1EE4	0000	431

C:\Program Files (x86)\Microchip\xc8\v1.45\sources\common\ftadd.c estimated size: 431

C:\Program Files (x86)\Microchip\xc8\v1.45\sources\common\lldiv.c
		___lldiv       		CODE           	2C92	0000	131

C:\Program Files (x86)\Microchip\xc8\v1.45\sources\common\lldiv.c estimated size: 131

lcd_x8.c
		_lcd_putc      		CODE           	2FF0	0000	87
		_lcd_puts      		CODE           	33B2	0000	37
		_lcd_send_byte 		CODE           	3130	0000	73
		_lcd_gotoxy    		CODE           	31BA	0000	67
		_lcd_send_nibble		CODE           	33F8	0000	35
		_delay_ms      		CODE           	3344	0000	39
		_lcd_init      		CODE           	2F32	0000	99
		_delay_cycles  		CODE           	32CA	0000	47

lcd_x8.c estimated size: 484

